0 verbose cli C:\Program Files\nodejs\node.exe C:\Users\serhat\AppData\Roaming\npm\node_modules\npm\bin\npm-cli.js
1 info using npm@11.11.0
2 info using node@v24.11.1
3 silly config load:file:C:\Users\serhat\AppData\Roaming\npm\node_modules\npm\npmrc
4 silly config load:file:C:\Users\serhat\Documents\Scrapman\frontend\.npmrc
5 silly config load:file:C:\Users\serhat\.npmrc
6 silly config load:file:C:\Users\serhat\AppData\Roaming\npm\etc\npmrc
7 verbose title npm install next@16.2.11
8 verbose argv "install" "next@16.2.11" "--cache" ".npm-cache"
9 verbose logfile logs-max:10 dir:C:\Users\serhat\Documents\Scrapman\frontend\.npm-cache\_logs\2026-07-27T15_53_18_760Z-
10 verbose logfile C:\Users\serhat\Documents\Scrapman\frontend\.npm-cache\_logs\2026-07-27T15_53_18_760Z-debug-0.log
11 silly logfile done cleaning log files
12 silly packumentCache heap:4496293888 maxSize:1124073472 maxEntrySize:562036736
13 silly idealTree buildDeps
14 silly fetch manifest next@16.2.11
15 silly packumentCache full:https://registry.npmjs.org/next cache-miss
16 http fetch GET 200 https://registry.npmjs.org/npm 1691ms
17 http fetch GET 200 https://registry.npmjs.org/next 1898ms (cache miss)
18 silly packumentCache full:https://registry.npmjs.org/next set size:undefined disposed:false
19 silly fetch manifest @opentelemetry/api@^1.1.0
20 silly packumentCache full:https://registry.npmjs.org/@opentelemetry%2fapi cache-miss
21 http fetch GET 200 https://registry.npmjs.org/@opentelemetry%2fapi 194ms (cache miss)
22 silly packumentCache full:https://registry.npmjs.org/@opentelemetry%2fapi set size:undefined disposed:false
23 silly fetch manifest @playwright/test@^1.51.1
24 silly packumentCache full:https://registry.npmjs.org/@playwright%2ftest cache-miss
25 http fetch GET 200 https://registry.npmjs.org/@playwright%2ftest 1248ms (cache miss)
26 silly packumentCache full:https://registry.npmjs.org/@playwright%2ftest set size:undefined disposed:false
27 silly fetch manifest babel-plugin-react-compiler@*
28 silly packumentCache full:https://registry.npmjs.org/babel-plugin-react-compiler cache-miss
29 http fetch GET 200 https://registry.npmjs.org/babel-plugin-react-compiler 235ms (cache miss)
30 silly packumentCache full:https://registry.npmjs.org/babel-plugin-react-compiler set size:undefined disposed:false
31 silly fetch manifest react@19.2.4
32 silly packumentCache full:https://registry.npmjs.org/react cache-miss
33 http fetch GET 200 https://registry.npmjs.org/react 962ms (cache miss)
34 silly packumentCache full:https://registry.npmjs.org/react set size:undefined disposed:false
35 silly fetch manifest react-dom@19.2.4
36 silly packumentCache full:https://registry.npmjs.org/react-dom cache-miss
37 http fetch GET 200 https://registry.npmjs.org/react-dom 1372ms (cache miss)
38 silly packumentCache full:https://registry.npmjs.org/react-dom set size:undefined disposed:false
39 silly fetch manifest sass@^1.3.0
40 silly packumentCache full:https://registry.npmjs.org/sass cache-miss
41 http fetch GET 200 https://registry.npmjs.org/sass 208ms (cache miss)
42 silly packumentCache full:https://registry.npmjs.org/sass set size:undefined disposed:false
43 silly placeDep ROOT next@16.2.11 REPLACE for: frontend@0.1.0 want: 16.2.11
44 silly fetch manifest @next/env@16.2.11
45 silly packumentCache full:https://registry.npmjs.org/@next%2fenv cache-miss
46 silly fetch manifest @next/swc-darwin-x64@16.2.11
47 silly packumentCache full:https://registry.npmjs.org/@next%2fswc-darwin-x64 cache-miss
48 silly fetch manifest @next/swc-darwin-arm64@16.2.11
49 silly packumentCache full:https://registry.npmjs.org/@next%2fswc-darwin-arm64 cache-miss
50 silly fetch manifest @next/swc-linux-x64-gnu@16.2.11
51 silly packumentCache full:https://registry.npmjs.org/@next%2fswc-linux-x64-gnu cache-miss
52 silly fetch manifest @next/swc-linux-x64-musl@16.2.11
53 silly packumentCache full:https://registry.npmjs.org/@next%2fswc-linux-x64-musl cache-miss
54 silly fetch manifest @next/swc-win32-x64-msvc@16.2.11
55 silly packumentCache full:https://registry.npmjs.org/@next%2fswc-win32-x64-msvc cache-miss
56 silly fetch manifest @next/swc-linux-arm64-gnu@16.2.11
57 silly packumentCache full:https://registry.npmjs.org/@next%2fswc-linux-arm64-gnu cache-miss
58 http fetch GET 200 https://registry.npmjs.org/@next%2fswc-darwin-x64 1054ms (cache miss)
59 silly packumentCache full:https://registry.npmjs.org/@next%2fswc-darwin-x64 set size:undefined disposed:false
60 silly fetch manifest @next/swc-linux-arm64-musl@16.2.11
61 silly packumentCache full:https://registry.npmjs.org/@next%2fswc-linux-arm64-musl cache-miss
62 http fetch GET 200 https://registry.npmjs.org/@next%2fswc-linux-arm64-musl 1225ms (cache miss)
63 silly packumentCache full:https://registry.npmjs.org/@next%2fswc-linux-arm64-musl set size:undefined disposed:false
64 silly fetch manifest @next/swc-win32-arm64-msvc@16.2.11
65 silly packumentCache full:https://registry.npmjs.org/@next%2fswc-win32-arm64-msvc cache-miss
66 http fetch GET 200 https://registry.npmjs.org/@next%2fenv 2361ms (cache miss)
67 silly packumentCache full:https://registry.npmjs.org/@next%2fenv set size:undefined disposed:false
68 http fetch GET 200 https://registry.npmjs.org/@next%2fswc-win32-arm64-msvc 954ms (cache miss)
69 silly packumentCache full:https://registry.npmjs.org/@next%2fswc-win32-arm64-msvc set size:undefined disposed:false
70 http fetch GET 200 https://registry.npmjs.org/@next%2fswc-linux-x64-musl 3388ms (cache miss)
71 silly packumentCache full:https://registry.npmjs.org/@next%2fswc-linux-x64-musl set size:undefined disposed:false
72 http fetch GET 200 https://registry.npmjs.org/@next%2fswc-linux-arm64-gnu 5263ms (cache miss)
73 silly packumentCache full:https://registry.npmjs.org/@next%2fswc-linux-arm64-gnu set size:undefined disposed:false
74 http fetch GET 200 https://registry.npmjs.org/@next%2fswc-win32-x64-msvc 6628ms (cache miss)
75 silly packumentCache full:https://registry.npmjs.org/@next%2fswc-win32-x64-msvc set size:undefined disposed:false
76 http fetch GET 200 https://registry.npmjs.org/@next%2fswc-darwin-arm64 6800ms (cache miss)
77 silly packumentCache full:https://registry.npmjs.org/@next%2fswc-darwin-arm64 set size:undefined disposed:false
78 http fetch GET 200 https://registry.npmjs.org/@next%2fswc-linux-x64-gnu 8060ms (cache miss)
79 silly packumentCache full:https://registry.npmjs.org/@next%2fswc-linux-x64-gnu set size:undefined disposed:false
80 silly placeDep ROOT @next/env@16.2.11 OK for: next@16.2.11 want: 16.2.11
81 silly placeDep ROOT @next/swc-darwin-arm64@16.2.11 OK for: next@16.2.11 want: 16.2.11
82 silly placeDep ROOT @next/swc-darwin-x64@16.2.11 OK for: next@16.2.11 want: 16.2.11
83 silly placeDep ROOT @next/swc-linux-arm64-gnu@16.2.11 OK for: next@16.2.11 want: 16.2.11
84 silly placeDep ROOT @next/swc-linux-arm64-musl@16.2.11 OK for: next@16.2.11 want: 16.2.11
85 silly placeDep ROOT @next/swc-linux-x64-gnu@16.2.11 OK for: next@16.2.11 want: 16.2.11
86 silly placeDep ROOT @next/swc-linux-x64-musl@16.2.11 OK for: next@16.2.11 want: 16.2.11
87 silly placeDep ROOT @next/swc-win32-arm64-msvc@16.2.11 OK for: next@16.2.11 want: 16.2.11
88 silly placeDep ROOT @next/swc-win32-x64-msvc@16.2.11 OK for: next@16.2.11 want: 16.2.11
89 silly reify mark retired [
89 silly reify   'C:\\Users\\serhat\\Documents\\Scrapman\\frontend\\node_modules\\@next\\env'
89 silly reify ]
90 silly reify mark retired [
90 silly reify   'C:\\Users\\serhat\\Documents\\Scrapman\\frontend\\node_modules\\@next\\swc-win32-x64-msvc'
90 silly reify ]
91 silly reify mark retired [
91 silly reify   'C:\\Users\\serhat\\Documents\\Scrapman\\frontend\\node_modules\\next',
91 silly reify   'C:\\Users\\serhat\\Documents\\Scrapman\\frontend\\node_modules\\.bin\\next',
91 silly reify   'C:\\Users\\serhat\\Documents\\Scrapman\\frontend\\node_modules\\.bin\\next.cmd',
91 silly reify   'C:\\Users\\serhat\\Documents\\Scrapman\\frontend\\node_modules\\.bin\\next.ps1'
91 silly reify ]
92 silly reify moves {
92 silly reify   'C:\\Users\\serhat\\Documents\\Scrapman\\frontend\\node_modules\\@next\\env': 'C:\\Users\\serhat\\Documents\\Scrapman\\frontend\\node_modules\\@next\\.env-c2CHe8He',
92 silly reify   'C:\\Users\\serhat\\Documents\\Scrapman\\frontend\\node_modules\\@next\\swc-win32-x64-msvc': 'C:\\Users\\serhat\\Documents\\Scrapman\\frontend\\node_modules\\@next\\.swc-win32-x64-msvc-A3PYNq5H',
92 silly reify   'C:\\Users\\serhat\\Documents\\Scrapman\\frontend\\node_modules\\next': 'C:\\Users\\serhat\\Documents\\Scrapman\\frontend\\node_modules\\.next-LQ4sJxNu',
92 silly reify   'C:\\Users\\serhat\\Documents\\Scrapman\\frontend\\node_modules\\.bin\\next': 'C:\\Users\\serhat\\Documents\\Scrapman\\frontend\\node_modules\\.bin\\.next-VGjOkZ2M',
92 silly reify   'C:\\Users\\serhat\\Documents\\Scrapman\\frontend\\node_modules\\.bin\\next.cmd': 'C:\\Users\\serhat\\Documents\\Scrapman\\frontend\\node_modules\\.bin\\.next.cmd-ec9O1zOq',
92 silly reify   'C:\\Users\\serhat\\Documents\\Scrapman\\frontend\\node_modules\\.bin\\next.ps1': 'C:\\Users\\serhat\\Documents\\Scrapman\\frontend\\node_modules\\.bin\\.next.ps1-aqveLDrZ'
92 silly reify }
93 silly audit bulk request {
93 silly audit   '@alloc/quick-lru': [ '5.2.0' ],
93 silly audit   '@babel/code-frame': [ '7.29.7' ],
93 silly audit   '@babel/compat-data': [ '7.29.7' ],
93 silly audit   '@babel/core': [ '7.29.7' ],
93 silly audit   '@babel/generator': [ '7.29.7' ],
93 silly audit   '@babel/helper-compilation-targets': [ '7.29.7' ],
93 silly audit   '@babel/helper-globals': [ '7.29.7' ],
93 silly audit   '@babel/helper-module-imports': [ '7.29.7' ],
93 silly audit   '@babel/helper-module-transforms': [ '7.29.7' ],
93 silly audit   '@babel/helper-string-parser': [ '7.29.7' ],
93 silly audit   '@babel/helper-validator-identifier': [ '7.29.7' ],
93 silly audit   '@babel/helper-validator-option': [ '7.29.7' ],
93 silly audit   '@babel/helpers': [ '7.29.7' ],
93 silly audit   '@babel/parser': [ '7.29.7' ],
93 silly audit   '@babel/template': [ '7.29.7' ],
93 silly audit   '@babel/traverse': [ '7.29.7' ],
93 silly audit   '@babel/types': [ '7.29.7' ],
93 silly audit   '@emnapi/core': [ '1.10.0' ],
93 silly audit   '@emnapi/runtime': [ '1.11.0', '1.10.0' ],
93 silly audit   '@emnapi/wasi-threads': [ '1.2.1' ],
93 silly audit   '@eslint-community/eslint-utils': [ '4.9.1' ],
93 silly audit   'eslint-visitor-keys': [ '3.4.3', '5.0.1', '4.2.1' ],
93 silly audit   '@eslint-community/regexpp': [ '4.12.2' ],
93 silly audit   '@eslint/config-array': [ '0.21.2' ],
93 silly audit   '@eslint/config-helpers': [ '0.4.2' ],
93 silly audit   '@eslint/core': [ '0.17.0' ],
93 silly audit   '@eslint/eslintrc': [ '3.3.5' ],
93 silly audit   '@eslint/js': [ '9.39.4' ],
93 silly audit   '@eslint/object-schema': [ '2.1.7' ],
93 silly audit   '@eslint/plugin-kit': [ '0.4.1' ],
93 silly audit   '@humanfs/core': [ '0.19.2' ],
93 silly audit   '@humanfs/node': [ '0.16.8' ],
93 silly audit   '@humanfs/types': [ '0.15.0' ],
93 silly audit   '@humanwhocodes/module-importer': [ '1.0.1' ],
93 silly audit   '@humanwhocodes/retry': [ '0.4.3' ],
93 silly audit   '@img/colour': [ '1.1.0' ],
93 silly audit   '@img/sharp-darwin-arm64': [ '0.34.5' ],
93 silly audit   '@img/sharp-darwin-x64': [ '0.34.5' ],
93 silly audit   '@img/sharp-libvips-darwin-arm64': [ '1.2.4' ],
93 silly audit   '@img/sharp-libvips-darwin-x64': [ '1.2.4' ],
93 silly audit   '@img/sharp-libvips-linux-arm': [ '1.2.4' ],
93 silly audit   '@img/sharp-libvips-linux-arm64': [ '1.2.4' ],
93 silly audit   '@img/sharp-libvips-linux-ppc64': [ '1.2.4' ],
93 silly audit   '@img/sharp-libvips-linux-riscv64': [ '1.2.4' ],
93 silly audit   '@img/sharp-libvips-linux-s390x': [ '1.2.4' ],
93 silly audit   '@img/sharp-libvips-linux-x64': [ '1.2.4' ],
93 silly audit   '@img/sharp-libvips-linuxmusl-arm64': [ '1.2.4' ],
93 silly audit   '@img/sharp-libvips-linuxmusl-x64': [ '1.2.4' ],
93 silly audit   '@img/sharp-linux-arm': [ '0.34.5' ],
93 silly audit   '@img/sharp-linux-arm64': [ '0.34.5' ],
93 silly audit   '@img/sharp-linux-ppc64': [ '0.34.5' ],
93 silly audit   '@img/sharp-linux-riscv64': [ '0.34.5' ],
93 silly audit   '@img/sharp-linux-s390x': [ '0.34.5' ],
93 silly audit   '@img/sharp-linux-x64': [ '0.34.5' ],
93 silly audit   '@img/sharp-linuxmusl-arm64': [ '0.34.5' ],
93 silly audit   '@img/sharp-linuxmusl-x64': [ '0.34.5' ],
93 silly audit   '@img/sharp-wasm32': [ '0.34.5' ],
93 silly audit   '@img/sharp-win32-arm64': [ '0.34.5' ],
93 silly audit   '@img/sharp-win32-ia32': [ '0.34.5' ],
93 silly audit   '@img/sharp-win32-x64': [ '0.34.5' ],
93 silly audit   '@jridgewell/gen-mapping': [ '0.3.13' ],
93 silly audit   '@jridgewell/remapping': [ '2.3.5' ],
93 silly audit   '@jridgewell/resolve-uri': [ '3.1.2' ],
93 silly audit   '@jridgewell/sourcemap-codec': [ '1.5.5' ],
93 silly audit   '@jridgewell/trace-mapping': [ '0.3.31' ],
93 silly audit   '@napi-rs/wasm-runtime': [ '1.1.5' ],
93 silly audit   '@next/eslint-plugin-next': [ '16.2.9' ],
93 silly audit   '@nodelib/fs.scandir': [ '2.1.5' ],
93 silly audit   '@nodelib/fs.stat': [ '2.0.5' ],
93 silly audit   '@nodelib/fs.walk': [ '1.2.8' ],
93 silly audit   '@nolyfill/is-core-module': [ '1.0.39' ],
93 silly audit   '@oxc-project/types': [ '0.133.0' ],
93 silly audit   '@reduxjs/toolkit': [ '2.12.0' ],
93 silly audit   '@rolldown/binding-android-arm64': [ '1.0.3' ],
93 silly audit   '@rolldown/binding-darwin-arm64': [ '1.0.3' ],
93 silly audit   '@rolldown/binding-darwin-x64': [ '1.0.3' ],
93 silly audit   '@rolldown/binding-freebsd-x64': [ '1.0.3' ],
93 silly audit   '@rolldown/binding-linux-arm-gnueabihf': [ '1.0.3' ],
93 silly audit   '@rolldown/binding-linux-arm64-gnu': [ '1.0.3' ],
93 silly audit   '@rolldown/binding-linux-arm64-musl': [ '1.0.3' ],
93 silly audit   '@rolldown/binding-linux-ppc64-gnu': [ '1.0.3' ],
93 silly audit   '@rolldown/binding-linux-s390x-gnu': [ '1.0.3' ],
93 silly audit   '@rolldown/binding-linux-x64-gnu': [ '1.0.3' ],
93 silly audit   '@rolldown/binding-linux-x64-musl': [ '1.0.3' ],
93 silly audit   '@rolldown/binding-openharmony-arm64': [ '1.0.3' ],
93 silly audit   '@rolldown/binding-wasm32-wasi': [ '1.0.3' ],
93 silly audit   '@rolldown/binding-win32-arm64-msvc': [ '1.0.3' ],
93 silly audit   '@rolldown/binding-win32-x64-msvc': [ '1.0.3' ],
93 silly audit   '@rolldown/pluginutils': [ '1.0.1' ],
93 silly audit   '@rtsao/scc': [ '1.1.0' ],
93 silly audit   '@stablelib/base64': [ '1.0.1' ],
93 silly audit   '@standard-schema/spec': [ '1.1.0' ],
93 silly audit   '@standard-schema/utils': [ '0.3.0' ],
93 silly audit   '@supabase/auth-js': [ '2.108.1' ],
93 silly audit   '@supabase/functions-js': [ '2.108.1' ],
93 silly audit   '@supabase/phoenix': [ '0.4.2' ],
93 silly audit   '@supabase/postgrest-js': [ '2.108.1' ],
93 silly audit   '@supabase/realtime-js': [ '2.108.1' ],
93 silly audit   '@supabase/ssr': [ '0.12.0' ],
93 silly audit   '@supabase/storage-js': [ '2.108.1' ],
93 silly audit   '@supabase/supabase-js': [ '2.108.1' ],
93 silly audit   '@swc/helpers': [ '0.5.15' ],
93 silly audit   '@tailwindcss/node': [ '4.3.0' ],
93 silly audit   '@tailwindcss/oxide': [ '4.3.0' ],
93 silly audit   '@tailwindcss/oxide-android-arm64': [ '4.3.0' ],
93 silly audit   '@tailwindcss/oxide-darwin-arm64': [ '4.3.0' ],
93 silly audit   '@tailwindcss/oxide-darwin-x64': [ '4.3.0' ],
93 silly audit   '@tailwindcss/oxide-freebsd-x64': [ '4.3.0' ],
93 silly audit   '@tailwindcss/oxide-linux-arm-gnueabihf': [ '4.3.0' ],
93 silly audit   '@tailwindcss/oxide-linux-arm64-gnu': [ '4.3.0' ],
93 silly audit   '@tailwindcss/oxide-linux-arm64-musl': [ '4.3.0' ],
93 silly audit   '@tailwindcss/oxide-linux-x64-gnu': [ '4.3.0' ],
93 silly audit   '@tailwindcss/oxide-linux-x64-musl': [ '4.3.0' ],
93 silly audit   '@tailwindcss/oxide-wasm32-wasi': [ '4.3.0' ],
93 silly audit   '@tailwindcss/oxide-win32-arm64-msvc': [ '4.3.0' ],
93 silly audit   '@tailwindcss/oxide-win32-x64-msvc': [ '4.3.0' ],
93 silly audit   '@tailwindcss/postcss': [ '4.3.0' ],
93 silly audit   '@tanstack/query-core': [ '5.101.0' ],
93 silly audit   '@tanstack/react-query': [ '5.101.0' ],
93 silly audit   '@tybys/wasm-util': [ '0.10.2' ],
93 silly audit   '@types/chai': [ '5.2.3' ],
93 silly audit   '@types/d3-array': [ '3.2.2' ],
93 silly audit   '@types/d3-color': [ '3.1.3' ],
93 silly audit   '@types/d3-ease': [ '3.0.2' ],
93 silly audit   '@types/d3-interpolate': [ '3.0.4' ],
93 silly audit   '@types/d3-path': [ '3.1.1' ],
93 silly audit   '@types/d3-scale': [ '4.0.9' ],
93 silly audit   '@types/d3-shape': [ '3.1.8' ],
93 silly audit   '@types/d3-time': [ '3.0.4' ],
93 silly audit   '@types/d3-timer': [ '3.0.2' ],
93 silly audit   '@types/deep-eql': [ '4.0.2' ],
93 silly audit   '@types/estree': [ '1.0.9' ],
93 silly audit   '@types/json-schema': [ '7.0.15' ],
93 silly audit   '@types/json5': [ '0.0.29' ],
93 silly audit   '@types/node': [ '20.19.42' ],
93 silly audit   '@types/nodemailer': [ '8.0.1' ],
93 silly audit   '@types/react': [ '19.2.17' ],
93 silly audit   '@types/react-dom': [ '19.2.3' ],
93 silly audit   '@types/use-sync-external-store': [ '0.0.6' ],
93 silly audit   '@typescript-eslint/eslint-plugin': [ '8.61.0' ],
93 silly audit   ignore: [ '7.0.5', '5.3.2' ],
93 silly audit   '@typescript-eslint/parser': [ '8.61.0' ],
93 silly audit   '@typescript-eslint/project-service': [ '8.61.0' ],
93 silly audit   '@typescript-eslint/scope-manager': [ '8.61.0' ],
93 silly audit   '@typescript-eslint/tsconfig-utils': [ '8.61.0' ],
93 silly audit   '@typescript-eslint/type-utils': [ '8.61.0' ],
93 silly audit   '@typescript-eslint/types': [ '8.61.0' ],
93 silly audit   '@typescript-eslint/typescript-estree': [ '8.61.0' ],
93 silly audit   'balanced-match': [ '4.0.4', '1.0.2' ],
93 silly audit   'brace-expansion': [ '5.0.6', '1.1.15' ],
93 silly audit   minimatch: [ '10.2.5', '3.1.5' ],
93 silly audit   semver: [ '7.8.4', '6.3.1' ],
93 silly audit   '@typescript-eslint/utils': [ '8.61.0' ],
93 silly audit   '@typescript-eslint/visitor-keys': [ '8.61.0' ],
93 silly audit   '@unrs/resolver-binding-android-arm-eabi': [ '1.12.2' ],
93 silly audit   '@unrs/resolver-binding-android-arm64': [ '1.12.2' ],
93 silly audit   '@unrs/resolver-binding-darwin-arm64': [ '1.12.2' ],
93 silly audit   '@unrs/resolver-binding-darwin-x64': [ '1.12.2' ],
93 silly audit   '@unrs/resolver-binding-freebsd-x64': [ '1.12.2' ],
93 silly audit   '@unrs/resolver-binding-linux-arm-gnueabihf': [ '1.12.2' ],
93 silly audit   '@unrs/resolver-binding-linux-arm-musleabihf': [ '1.12.2' ],
93 silly audit   '@unrs/resolver-binding-linux-arm64-gnu': [ '1.12.2' ],
93 silly audit   '@unrs/resolver-binding-linux-arm64-musl': [ '1.12.2' ],
93 silly audit   '@unrs/resolver-binding-linux-loong64-gnu': [ '1.12.2' ],
93 silly audit   '@unrs/resolver-binding-linux-loong64-musl': [ '1.12.2' ],
93 silly audit   '@unrs/resolver-binding-linux-ppc64-gnu': [ '1.12.2' ],
93 silly audit   '@unrs/resolver-binding-linux-riscv64-gnu': [ '1.12.2' ],
93 silly audit   '@unrs/resolver-binding-linux-riscv64-musl': [ '1.12.2' ],
93 silly audit   '@unrs/resolver-binding-linux-s390x-gnu': [ '1.12.2' ],
93 silly audit   '@unrs/resolver-binding-linux-x64-gnu': [ '1.12.2' ],
93 silly audit   '@unrs/resolver-binding-linux-x64-musl': [ '1.12.2' ],
93 silly audit   '@unrs/resolver-binding-openharmony-arm64': [ '1.12.2' ],
93 silly audit   '@unrs/resolver-binding-wasm32-wasi': [ '1.12.2' ],
93 silly audit   '@unrs/resolver-binding-win32-arm64-msvc': [ '1.12.2' ],
93 silly audit   '@unrs/resolver-binding-win32-ia32-msvc': [ '1.12.2' ],
93 silly audit   '@unrs/resolver-binding-win32-x64-msvc': [ '1.12.2' ],
93 silly audit   '@vitest/expect': [ '4.1.9' ],
93 silly audit   '@vitest/mocker': [ '4.1.9' ],
93 silly audit   '@vitest/pretty-format': [ '4.1.9' ],
93 silly audit   '@vitest/runner': [ '4.1.9' ],
93 silly audit   '@vitest/snapshot': [ '4.1.9' ],
93 silly audit   '@vitest/spy': [ '4.1.9' ],
93 silly audit   '@vitest/utils': [ '4.1.9' ],
93 silly audit   acorn: [ '8.16.0' ],
93 silly audit   'acorn-jsx': [ '5.3.2' ],
93 silly audit   ajv: [ '6.15.0' ],
93 silly audit   'ansi-styles': [ '4.3.0' ],
93 silly audit   argparse: [ '2.0.1' ],
93 silly audit   'aria-query': [ '5.3.2' ],
93 silly audit   'array-buffer-byte-length': [ '1.0.2' ],
93 silly audit   'array-includes': [ '3.1.9' ],
93 silly audit   'array.prototype.findlast': [ '1.2.5' ],
93 silly audit   'array.prototype.findlastindex': [ '1.2.6' ],
93 silly audit   'array.prototype.flat': [ '1.3.3' ],
93 silly audit   'array.prototype.flatmap': [ '1.3.3' ],
93 silly audit   'array.prototype.tosorted': [ '1.1.4' ],
93 silly audit   'arraybuffer.prototype.slice': [ '1.0.4' ],
93 silly audit   'assertion-error': [ '2.0.1' ],
93 silly audit   'ast-types-flow': [ '0.0.8' ],
93 silly audit   'async-function': [ '1.0.0' ],
93 silly audit   'available-typed-arrays': [ '1.0.7' ],
93 silly audit   'axe-core': [ '4.12.1' ],
93 silly audit   'axobject-query': [ '4.1.0' ],
93 silly audit   'baseline-browser-mapping': [ '2.10.35' ],
93 silly audit   braces: [ '3.0.3' ],
93 silly audit   browserslist: [ '4.28.2' ],
93 silly audit   'call-bind': [ '1.0.9' ],
93 silly audit   'call-bind-apply-helpers': [ '1.0.2' ],
93 silly audit   'call-bound': [ '1.0.4' ],
93 silly audit   callsites: [ '3.1.0' ],
93 silly audit   'caniuse-lite': [ '1.0.30001797' ],
93 silly audit   chai: [ '6.2.2' ],
93 silly audit   chalk: [ '4.1.2' ],
93 silly audit   'client-only': [ '0.0.1' ],
93 silly audit   clsx: [ '2.1.1' ],
93 silly audit   'color-convert': [ '2.0.1' ],
93 silly audit   'color-name': [ '1.1.4' ],
93 silly audit   'concat-map': [ '0.0.1' ],
93 silly audit   'convert-source-map': [ '2.0.0' ],
93 silly audit   cookie: [ '1.1.1' ],
93 silly audit   'cross-spawn': [ '7.0.6' ],
93 silly audit   csstype: [ '3.2.3' ],
93 silly audit   'd3-array': [ '3.2.4' ],
93 silly audit   'd3-color': [ '3.1.0' ],
93 silly audit   'd3-ease': [ '3.0.1' ],
93 silly audit   'd3-format': [ '3.1.2' ],
93 silly audit   'd3-interpolate': [ '3.0.1' ],
93 silly audit   'd3-path': [ '3.1.0' ],
93 silly audit   'd3-scale': [ '4.0.2' ],
93 silly audit   'd3-shape': [ '3.2.0' ],
93 silly audit   'd3-time': [ '3.1.0' ],
93 silly audit   'd3-time-format': [ '4.1.0' ],
93 silly audit   'd3-timer': [ '3.0.1' ],
93 silly audit   'damerau-levenshtein': [ '1.0.8' ],
93 silly audit   'data-view-buffer': [ '1.0.2' ],
93 silly audit   'data-view-byte-length': [ '1.0.2' ],
93 silly audit   'data-view-byte-offset': [ '1.0.1' ],
93 silly audit   'date-fns': [ '4.4.0' ],
93 silly audit   debug: [ '4.4.3', '3.2.7' ],
93 silly audit   'decimal.js-light': [ '2.5.1' ],
93 silly audit   'deep-is': [ '0.1.4' ],
93 silly audit   'define-data-property': [ '1.1.4' ],
93 silly audit   'define-properties': [ '1.2.1' ],
93 silly audit   'detect-libc': [ '2.1.2' ],
93 silly audit   doctrine: [ '2.1.0' ],
93 silly audit   'dunder-proto': [ '1.0.1' ],
93 silly audit   'electron-to-chromium': [ '1.5.371' ],
93 silly audit   'emoji-regex': [ '9.2.2' ],
93 silly audit   'enhanced-resolve': [ '5.23.0' ],
93 silly audit   'es-abstract': [ '1.24.2' ],
93 silly audit   'es-define-property': [ '1.0.1' ],
93 silly audit   'es-errors': [ '1.3.0' ],
93 silly audit   'es-iterator-helpers': [ '1.3.3' ],
93 silly audit   'es-module-lexer': [ '2.1.0' ],
93 silly audit   'es-object-atoms': [ '1.1.2' ],
93 silly audit   'es-set-tostringtag': [ '2.1.0' ],
93 silly audit   'es-shim-unscopables': [ '1.1.0' ],
93 silly audit   'es-to-primitive': [ '1.3.0' ],
93 silly audit   'es-toolkit': [ '1.49.0' ],
93 silly audit   escalade: [ '3.2.0' ],
93 silly audit   'escape-string-regexp': [ '4.0.0' ],
93 silly audit   eslint: [ '9.39.4' ],
93 silly audit   'eslint-config-next': [ '16.2.9' ],
93 silly audit   globals: [ '16.4.0', '14.0.0' ],
93 silly audit   'eslint-import-resolver-node': [ '0.3.10' ],
93 silly audit   'eslint-import-resolver-typescript': [ '3.10.1' ],
93 silly audit   'eslint-module-utils': [ '2.13.0' ],
93 silly audit   'eslint-plugin-import': [ '2.32.0' ],
93 silly audit   'eslint-plugin-jsx-a11y': [ '6.10.2' ],
93 silly audit   'eslint-plugin-react': [ '7.37.5' ],
93 silly audit   'eslint-plugin-react-hooks': [ '7.1.1' ],
93 silly audit   'eslint-scope': [ '8.4.0' ],
93 silly audit   espree: [ '10.4.0' ],
93 silly audit   esquery: [ '1.7.0' ],
93 silly audit   esrecurse: [ '4.3.0' ],
93 silly audit   estraverse: [ '5.3.0' ],
93 silly audit   'estree-walker': [ '3.0.3' ],
93 silly audit   esutils: [ '2.0.3' ],
93 silly audit   eventemitter3: [ '5.0.4' ],
93 silly audit   'expect-type': [ '1.3.0' ],
93 silly audit   'fast-deep-equal': [ '3.1.3' ],
93 silly audit   'fast-glob': [ '3.3.1' ],
93 silly audit   'glob-parent': [ '5.1.2', '6.0.2' ],
93 silly audit   'fast-json-stable-stringify': [ '2.1.0' ],
93 silly audit   'fast-levenshtein': [ '2.0.6' ],
93 silly audit   'fast-sha256': [ '1.3.0' ],
93 silly audit   fastq: [ '1.20.1' ],
93 silly audit   'file-entry-cache': [ '8.0.0' ],
93 silly audit   'fill-range': [ '7.1.1' ],
93 silly audit   'find-up': [ '5.0.0' ],
93 silly audit   'flat-cache': [ '4.0.1' ],
93 silly audit   flatted: [ '3.4.2' ],
93 silly audit   'for-each': [ '0.3.5' ],
93 silly audit   fsevents: [ '2.3.3' ],
93 silly audit   'function-bind': [ '1.1.2' ],
93 silly audit   'function.prototype.name': [ '1.1.8' ],
93 silly audit   'functions-have-names': [ '1.2.3' ],
93 silly audit   'generator-function': [ '2.0.1' ],
93 silly audit   gensync: [ '1.0.0-beta.2' ],
93 silly audit   'get-intrinsic': [ '1.3.0' ],
93 silly audit   'get-proto': [ '1.0.1' ],
93 silly audit   'get-symbol-description': [ '1.1.0' ],
93 silly audit   'get-tsconfig': [ '4.14.0' ],
93 silly audit   globalthis: [ '1.0.4' ],
93 silly audit   gopd: [ '1.2.0' ],
93 silly audit   'graceful-fs': [ '4.2.11' ],
93 silly audit   'has-bigints': [ '1.1.0' ],
93 silly audit   'has-flag': [ '4.0.0' ],
93 silly audit   'has-property-descriptors': [ '1.0.2' ],
93 silly audit   'has-proto': [ '1.2.0' ],
93 silly audit   'has-symbols': [ '1.1.0' ],
93 silly audit   'has-tostringtag': [ '1.0.2' ],
93 silly audit   hasown: [ '2.0.4' ],
93 silly audit   'hermes-estree': [ '0.25.1' ],
93 silly audit   'hermes-parser': [ '0.25.1' ],
93 silly audit   'iceberg-js': [ '0.8.1' ],
93 silly audit   immer: [ '11.1.9' ],
93 silly audit   'import-fresh': [ '3.3.1' ],
93 silly audit   imurmurhash: [ '0.1.4' ],
93 silly audit   'internal-slot': [ '1.1.0' ],
93 silly audit   internmap: [ '2.0.3' ],
93 silly audit   'is-array-buffer': [ '3.0.5' ],
93 silly audit   'is-async-function': [ '2.1.1' ],
93 silly audit   'is-bigint': [ '1.1.0' ],
93 silly audit   'is-boolean-object': [ '1.2.2' ],
93 silly audit   'is-bun-module': [ '2.0.0' ],
93 silly audit   'is-callable': [ '1.2.7' ],
93 silly audit   'is-core-module': [ '2.16.2' ],
93 silly audit   'is-data-view': [ '1.0.2' ],
93 silly audit   'is-date-object': [ '1.1.0' ],
93 silly audit   'is-extglob': [ '2.1.1' ],
93 silly audit   'is-finalizationregistry': [ '1.1.1' ],
93 silly audit   'is-generator-function': [ '1.1.2' ],
93 silly audit   'is-glob': [ '4.0.3' ],
93 silly audit   'is-map': [ '2.0.3' ],
93 silly audit   'is-negative-zero': [ '2.0.3' ],
93 silly audit   'is-number': [ '7.0.0' ],
93 silly audit   'is-number-object': [ '1.1.1' ],
93 silly audit   'is-regex': [ '1.2.1' ],
93 silly audit   'is-set': [ '2.0.3' ],
93 silly audit   'is-shared-array-buffer': [ '1.0.4' ],
93 silly audit   'is-string': [ '1.1.1' ],
93 silly audit   'is-symbol': [ '1.1.1' ],
93 silly audit   'is-typed-array': [ '1.1.15' ],
93 silly audit   'is-weakmap': [ '2.0.2' ],
93 silly audit   'is-weakref': [ '1.1.1' ],
93 silly audit   'is-weakset': [ '2.0.4' ],
93 silly audit   isarray: [ '2.0.5' ],
93 silly audit   isexe: [ '2.0.0' ],
93 silly audit   'iterator.prototype': [ '1.1.5' ],
93 silly audit   jiti: [ '2.7.0' ],
93 silly audit   'js-tokens': [ '4.0.0' ],
93 silly audit   'js-yaml': [ '4.2.0' ],
93 silly audit   jsesc: [ '3.1.0' ],
93 silly audit   'json-buffer': [ '3.0.1' ],
93 silly audit   'json-schema-traverse': [ '0.4.1' ],
93 silly audit   'json-stable-stringify-without-jsonify': [ '1.0.1' ],
93 silly audit   json5: [ '2.2.3', '1.0.2' ],
93 silly audit   'jsx-ast-utils': [ '3.3.5' ],
93 silly audit   keyv: [ '4.5.4' ],
93 silly audit   'language-subtag-registry': [ '0.3.23' ],
93 silly audit   'language-tags': [ '1.0.9' ],
93 silly audit   levn: [ '0.4.1' ],
93 silly audit   lightningcss: [ '1.32.0' ],
93 silly audit   'lightningcss-android-arm64': [ '1.32.0' ],
93 silly audit   'lightningcss-darwin-arm64': [ '1.32.0' ],
93 silly audit   'lightningcss-darwin-x64': [ '1.32.0' ],
93 silly audit   'lightningcss-freebsd-x64': [ '1.32.0' ],
93 silly audit   'lightningcss-linux-arm-gnueabihf': [ '1.32.0' ],
93 silly audit   'lightningcss-linux-arm64-gnu': [ '1.32.0' ],
93 silly audit   'lightningcss-linux-arm64-musl': [ '1.32.0' ],
93 silly audit   'lightningcss-linux-x64-gnu': [ '1.32.0' ],
93 silly audit   'lightningcss-linux-x64-musl': [ '1.32.0' ],
93 silly audit   'lightningcss-win32-arm64-msvc': [ '1.32.0' ],
93 silly audit   'lightningcss-win32-x64-msvc': [ '1.32.0' ],
93 silly audit   'locate-path': [ '6.0.0' ],
93 silly audit   'lodash.merge': [ '4.6.2' ],
93 silly audit   'loose-envify': [ '1.4.0' ],
93 silly audit   'lru-cache': [ '5.1.1' ],
93 silly audit   'lucide-react': [ '1.17.0' ],
93 silly audit   'magic-string': [ '0.30.21' ],
93 silly audit   'math-intrinsics': [ '1.1.0' ],
93 silly audit   merge2: [ '1.4.1' ],
93 silly audit   micromatch: [ '4.0.8' ],
93 silly audit   minimist: [ '1.2.8' ],
93 silly audit   ms: [ '2.1.3' ],
93 silly audit   nanoid: [ '3.3.12' ],
93 silly audit   'napi-postinstall': [ '0.3.4' ],
93 silly audit   'natural-compare': [ '1.4.0' ],
93 silly audit   postcss: [ '8.5.15', '8.4.31' ],
93 silly audit   'node-exports-info': [ '1.6.0' ],
93 silly audit   'node-releases': [ '2.0.47' ],
93 silly audit   nodemailer: [ '9.0.1' ],
93 silly audit   'object-assign': [ '4.1.1' ],
93 silly audit   'object-inspect': [ '1.13.4' ],
93 silly audit   'object-keys': [ '1.1.1' ],
93 silly audit   'object.assign': [ '4.1.7' ],
93 silly audit   'object.entries': [ '1.1.9' ],
93 silly audit   'object.fromentries': [ '2.0.8' ],
93 silly audit   'object.groupby': [ '1.0.3' ],
93 silly audit   'object.values': [ '1.2.1' ],
93 silly audit   obug: [ '2.1.3' ],
93 silly audit   optionator: [ '0.9.4' ],
93 silly audit   'own-keys': [ '1.0.1' ],
93 silly audit   'p-limit': [ '3.1.0' ],
93 silly audit   'p-locate': [ '5.0.0' ],
93 silly audit   'parent-module': [ '1.0.1' ],
93 silly audit   'path-exists': [ '4.0.0' ],
93 silly audit   'path-key': [ '3.1.1' ],
93 silly audit   'path-parse': [ '1.0.7' ],
93 silly audit   pathe: [ '2.0.3' ],
93 silly audit   picocolors: [ '1.1.1' ],
93 silly audit   picomatch: [ '2.3.2', '4.0.4' ],
93 silly audit   'possible-typed-array-names': [ '1.1.0' ],
93 silly audit   'postal-mime': [ '2.7.4' ],
93 silly audit   'prelude-ls': [ '1.2.1' ],
93 silly audit   'prop-types': [ '15.8.1' ],
93 silly audit   punycode: [ '2.3.1' ],
93 silly audit   'queue-microtask': [ '1.2.3' ],
93 silly audit   react: [ '19.2.4' ],
93 silly audit   'react-dom': [ '19.2.4' ],
93 silly audit   'react-is': [ '16.13.1' ],
93 silly audit   'react-redux': [ '9.3.0' ],
93 silly audit   recharts: [ '3.9.1' ],
93 silly audit   redux: [ '5.0.1' ],
93 silly audit   'redux-thunk': [ '3.1.0' ],
93 silly audit   'reflect.getprototypeof': [ '1.0.10' ],
93 silly audit   'regexp.prototype.flags': [ '1.5.4' ],
93 silly audit   reselect: [ '5.2.0' ],
93 silly audit   resend: [ '6.14.0' ],
93 silly audit   resolve: [ '2.0.0-next.7' ],
93 silly audit   'resolve-from': [ '4.0.0' ],
93 silly audit   'resolve-pkg-maps': [ '1.0.0' ],
93 silly audit   reusify: [ '1.1.0' ],
93 silly audit   rolldown: [ '1.0.3' ],
93 silly audit   'run-parallel': [ '1.2.0' ],
93 silly audit   'safe-array-concat': [ '1.1.4' ],
93 silly audit   'safe-push-apply': [ '1.0.0' ],
93 silly audit   'safe-regex-test': [ '1.1.0' ],
93 silly audit   scheduler: [ '0.27.0' ],
93 silly audit   'set-function-length': [ '1.2.2' ],
93 silly audit   'set-function-name': [ '2.0.2' ],
93 silly audit   'set-proto': [ '1.0.0' ],
93 silly audit   sharp: [ '0.34.5' ],
93 silly audit   'shebang-command': [ '2.0.0' ],
93 silly audit   'shebang-regex': [ '3.0.0' ],
93 silly audit   'side-channel': [ '1.1.1' ],
93 silly audit   'side-channel-list': [ '1.0.1' ],
93 silly audit   'side-channel-map': [ '1.0.1' ],
93 silly audit   'side-channel-weakmap': [ '1.0.2' ],
93 silly audit   siginfo: [ '2.0.0' ],
93 silly audit   'source-map-js': [ '1.2.1' ],
93 silly audit   'stable-hash': [ '0.0.5' ],
93 silly audit   stackback: [ '0.0.2' ],
93 silly audit   standardwebhooks: [ '1.0.0' ],
93 silly audit   'std-env': [ '4.1.0' ],
93 silly audit   'stop-iteration-iterator': [ '1.1.0' ],
93 silly audit   'string.prototype.includes': [ '2.0.1' ],
93 silly audit   'string.prototype.matchall': [ '4.0.12' ],
93 silly audit   'string.prototype.repeat': [ '1.0.0' ],
93 silly audit   'string.prototype.trim': [ '1.2.11' ],
93 silly audit   'string.prototype.trimend': [ '1.0.10' ],
93 silly audit   'string.prototype.trimstart': [ '1.0.8' ],
93 silly audit   'strip-bom': [ '3.0.0' ],
93 silly audit   'strip-json-comments': [ '3.1.1' ],
93 silly audit   stripe: [ '22.3.0' ],
93 silly audit   'styled-jsx': [ '5.1.6' ],
93 silly audit   'supports-color': [ '7.2.0' ],
93 silly audit   'supports-preserve-symlinks-flag': [ '1.0.0' ],
93 silly audit   tailwindcss: [ '4.3.0' ],
93 silly audit   tapable: [ '2.3.3' ],
93 silly audit   'tiny-invariant': [ '1.3.3' ],
93 silly audit   tinybench: [ '2.9.0' ],
93 silly audit   tinyexec: [ '1.2.4' ],
93 silly audit   tinyglobby: [ '0.2.17' ],
93 silly audit   fdir: [ '6.5.0' ],
93 silly audit   tinyrainbow: [ '3.1.0' ],
93 silly audit   'to-regex-range': [ '5.0.1' ],
93 silly audit   'ts-api-utils': [ '2.5.0' ],
93 silly audit   'tsconfig-paths': [ '3.15.0' ],
93 silly audit   tslib: [ '2.8.1' ],
93 silly audit   'type-check': [ '0.4.0' ],
93 silly audit   'typed-array-buffer': [ '1.0.3' ],
93 silly audit   'typed-array-byte-length': [ '1.0.3' ],
93 silly audit   'typed-array-byte-offset': [ '1.0.4' ],
93 silly audit   'typed-array-length': [ '1.0.8' ],
93 silly audit   typescript: [ '5.9.3' ],
93 silly audit   'typescript-eslint': [ '8.61.0' ],
93 silly audit   'unbox-primitive': [ '1.1.0' ],
93 silly audit   'undici-types': [ '6.21.0' ],
93 silly audit   'unrs-resolver': [ '1.12.2' ],
93 silly audit   'update-browserslist-db': [ '1.2.3' ],
93 silly audit   'uri-js': [ '4.4.1' ],
93 silly audit   'use-sync-external-store': [ '1.6.0' ],
93 silly audit   'victory-vendor': [ '37.3.6' ],
93 silly audit   vite: [ '8.0.16' ],
93 silly audit   vitest: [ '4.1.9' ],
93 silly audit   which: [ '2.0.2' ],
93 silly audit   'which-boxed-primitive': [ '1.1.1' ],
93 silly audit   'which-builtin-type': [ '1.2.1' ],
93 silly audit   'which-collection': [ '1.0.2' ],
93 silly audit   'which-typed-array': [ '1.1.22' ],
93 silly audit   'why-is-node-running': [ '2.3.0' ],
93 silly audit   'word-wrap': [ '1.2.5' ],
93 silly audit   yallist: [ '3.1.1' ],
93 silly audit   'yocto-queue': [ '0.1.0' ],
93 silly audit   zod: [ '4.4.3' ],
93 silly audit   'zod-validation-error': [ '4.0.2' ],
93 silly audit   zustand: [ '5.0.14' ],
93 silly audit   next: [ '16.2.11' ],
93 silly audit   '@next/env': [ '16.2.11' ],
93 silly audit   '@next/swc-darwin-arm64': [ '16.2.11' ],
93 silly audit   '@next/swc-darwin-x64': [ '16.2.11' ],
93 silly audit   '@next/swc-linux-arm64-gnu': [ '16.2.11' ],
93 silly audit   '@next/swc-linux-arm64-musl': [ '16.2.11' ],
93 silly audit   '@next/swc-linux-x64-gnu': [ '16.2.11' ],
93 silly audit   '@next/swc-linux-x64-musl': [ '16.2.11' ],
93 silly audit   '@next/swc-win32-arm64-msvc': [ '16.2.11' ],
93 silly audit   '@next/swc-win32-x64-msvc': [ '16.2.11' ]
93 silly audit }
94 http cache next@https://registry.npmjs.org/next/-/next-16.2.11.tgz 0ms (cache hit)
95 http cache @next/swc-win32-x64-msvc@https://registry.npmjs.org/@next/swc-win32-x64-msvc/-/swc-win32-x64-msvc-16.2.11.tgz 0ms (cache hit)
96 http cache @next/env@https://registry.npmjs.org/@next/env/-/env-16.2.11.tgz 0ms (cache hit)
97 silly tarball no local data for next@https://registry.npmjs.org/next/-/next-16.2.11.tgz. Extracting by manifest.
98 silly tarball no local data for @next/swc-win32-x64-msvc@https://registry.npmjs.org/@next/swc-win32-x64-msvc/-/swc-win32-x64-msvc-16.2.11.tgz. Extracting by manifest.
99 silly tarball no local data for @next/env@https://registry.npmjs.org/@next/env/-/env-16.2.11.tgz. Extracting by manifest.
100 http fetch GET 200 https://registry.npmjs.org/@next/env/-/env-16.2.11.tgz 124ms (cache miss)
101 http fetch POST 200 https://registry.npmjs.org/-/npm/v1/security/advisories/bulk 266ms
102 silly audit report {
102 silly audit report   'brace-expansion': [
102 silly audit report     {
102 silly audit report       id: 1123897,
102 silly audit report       url: 'https://github.com/advisories/GHSA-3jxr-9vmj-r5cp',
102 silly audit report       title: 'brace-expansion: DoS via exponential-time expansion of consecutive non-expanding {} groups',
102 silly audit report       severity: 'high',
102 silly audit report       vulnerable_versions: '<1.1.16',
102 silly audit report       cwe: [Array],
102 silly audit report       cvss: [Object]
102 silly audit report     },
102 silly audit report     {
102 silly audit report       id: 1123898,
102 silly audit report       url: 'https://github.com/advisories/GHSA-3jxr-9vmj-r5cp',
102 silly audit report       title: 'brace-expansion: DoS via exponential-time expansion of consecutive non-expanding {} groups',
102 silly audit report       severity: 'high',
102 silly audit report       vulnerable_versions: '>=3.0.0 <5.0.7',
102 silly audit report       cwe: [Array],
102 silly audit report       cvss: [Object]
102 silly audit report     },
102 silly audit report     {
102 silly audit report       id: 1124334,
102 silly audit report       url: 'https://github.com/advisories/GHSA-mh99-v99m-4gvg',
102 silly audit report       title: 'brace-expansion: DoS via unbounded expansion length causing an out-of-memory process crash',
102 silly audit report       severity: 'high',
102 silly audit report       vulnerable_versions: '<=5.0.7',
102 silly audit report       cwe: [Array],
102 silly audit report       cvss: [Object]
102 silly audit report     }
102 silly audit report   ],
102 silly audit report   'js-yaml': [
102 silly audit report     {
102 silly audit report       id: 1123911,
102 silly audit report       url: 'https://github.com/advisories/GHSA-52cp-r559-cp3m',
102 silly audit report       title: 'js-yaml: YAML merge-key chains can force quadratic CPU consumption',
102 silly audit report       severity: 'high',
102 silly audit report       vulnerable_versions: '>=4.0.0 <4.3.0',
102 silly audit report       cwe: [Array],
102 silly audit report       cvss: [Object]
102 silly audit report     }
102 silly audit report   ],
102 silly audit report   postcss: [
102 silly audit report     {
102 silly audit report       id: 1117015,
102 silly audit report       url: 'https://github.com/advisories/GHSA-qx2v-qp2m-jg93',
102 silly audit report       title: 'PostCSS has XSS via Unescaped </style> in its CSS Stringify Output',
102 silly audit report       severity: 'moderate',
102 silly audit report       vulnerable_versions: '<8.5.10',
102 silly audit report       cwe: [Array],
102 silly audit report       cvss: [Object]
102 silly audit report     },
102 silly audit report     {
102 silly audit report       id: 1124252,
102 silly audit report       url: 'https://github.com/advisories/GHSA-6g55-p6wh-862q',
102 silly audit report       title: 'PostCSS: Arbitrary file read and information disclosure via attacker-controlled sourceMappingURL in CSS comments',
102 silly audit report       severity: 'high',
102 silly audit report       vulnerable_versions: '<=8.5.11',
102 silly audit report       cwe: [Array],
102 silly audit report       cvss: [Object]
102 silly audit report     },
102 silly audit report     {
102 silly audit report       id: 1124288,
102 silly audit report       url: 'https://github.com/advisories/GHSA-r28c-9q8g-f849',
102 silly audit report       title: 'PostCSS: Path Traversal in Previous Source Map Auto-Loading (sourceMappingURL) leads to Arbitrary .map File Disclosure',
102 silly audit report       severity: 'high',
102 silly audit report       vulnerable_versions: '<=8.5.17',
102 silly audit report       cwe: [Array],
102 silly audit report       cvss: [Object]
102 silly audit report     }
102 silly audit report   ],
102 silly audit report   sharp: [
102 silly audit report     {
102 silly audit report       id: 1124066,
102 silly audit report       url: 'https://github.com/advisories/GHSA-f88m-g3jw-g9cj',
102 silly audit report       title: 'sharp inherited vulnerabilities in libvips: CVE-2026-33327, CVE-2026-33328, CVE-2026-35590, CVE-2026-35591',
102 silly audit report       severity: 'high',
102 silly audit report       vulnerable_versions: '<0.35.0',
102 silly audit report       cwe: [Array],
102 silly audit report       cvss: [Object]
102 silly audit report     }
102 silly audit report   ]
102 silly audit report }
103 silly packumentCache corgi:https://registry.npmjs.org/brace-expansion cache-miss
104 silly packumentCache corgi:https://registry.npmjs.org/js-yaml cache-miss
105 silly packumentCache corgi:https://registry.npmjs.org/postcss cache-miss
106 silly packumentCache corgi:https://registry.npmjs.org/sharp cache-miss
107 http fetch GET 200 https://registry.npmjs.org/brace-expansion 136ms (cache miss)
108 silly packumentCache corgi:https://registry.npmjs.org/brace-expansion set size:undefined disposed:false
109 http fetch GET 200 https://registry.npmjs.org/js-yaml 256ms (cache miss)
110 silly packumentCache corgi:https://registry.npmjs.org/js-yaml set size:undefined disposed:false
111 http fetch GET 200 https://registry.npmjs.org/sharp 268ms (cache miss)
112 silly packumentCache corgi:https://registry.npmjs.org/sharp set size:undefined disposed:false
113 http fetch GET 200 https://registry.npmjs.org/postcss 758ms (cache miss)
114 silly packumentCache corgi:https://registry.npmjs.org/postcss set size:undefined disposed:false
115 silly packumentCache corgi:https://registry.npmjs.org/minimatch cache-miss
116 http fetch GET 200 https://registry.npmjs.org/minimatch 967ms (cache miss)
117 silly packumentCache corgi:https://registry.npmjs.org/minimatch set size:undefined disposed:false
118 silly packumentCache corgi:https://registry.npmjs.org/@eslint%2feslintrc cache-miss
119 http fetch GET 200 https://registry.npmjs.org/@eslint%2feslintrc 280ms (cache miss)
120 silly packumentCache corgi:https://registry.npmjs.org/@eslint%2feslintrc set size:undefined disposed:false
121 silly packumentCache corgi:https://registry.npmjs.org/next cache-miss
122 http fetch GET 200 https://registry.npmjs.org/next 3781ms (cache miss)
123 silly packumentCache corgi:https://registry.npmjs.org/next set size:undefined disposed:false
124 silly packumentCache corgi:https://registry.npmjs.org/@tailwindcss%2fpostcss cache-miss
125 silly packumentCache corgi:https://registry.npmjs.org/vite cache-miss
126 http fetch GET 200 https://registry.npmjs.org/@tailwindcss%2fpostcss 502ms (cache miss)
127 silly packumentCache corgi:https://registry.npmjs.org/@tailwindcss%2fpostcss set size:undefined disposed:false
128 http fetch GET 200 https://registry.npmjs.org/vite 1647ms (cache miss)
129 silly packumentCache corgi:https://registry.npmjs.org/vite set size:undefined disposed:false
130 http fetch GET 200 https://registry.npmjs.org/next/-/next-16.2.11.tgz 39812ms (cache miss)
131 http fetch GET 200 https://registry.npmjs.org/@next/swc-win32-x64-msvc/-/swc-win32-x64-msvc-16.2.11.tgz 42496ms (cache miss)
132 silly CHANGE node_modules/next
133 silly CHANGE node_modules/@next/swc-win32-x64-msvc
134 silly CHANGE node_modules/@next/env
135 verbose cwd C:\Users\serhat\Documents\Scrapman\frontend
136 verbose os Windows_NT 10.0.26200
137 verbose node v24.11.1
138 verbose npm  v11.11.0
139 notice
139 notice New minor version of npm available! 11.11.0 -> 11.18.0
139 notice Changelog: https://github.com/npm/cli/releases/tag/v11.18.0
139 notice To update run: npm install -g npm@11.18.0
139 notice  { force: true, Symbol(proc-log.meta): true }
140 verbose exit 0
141 info ok
